Microchip MPLAB XC8 Compiler V2.41

Linker command line:

-W-3 \
  --edf=C:/Program Files/Microchip/MPLABX/v6.15/packs/Microchip/PIC16Fxxx_DFP/1.4.149/xc8\pic\dat\20230322214319_en.msgs \
  -cn -h+dist/default/production\Microwave_Oven.X.production.sym \
  --cmf=dist/default/production\Microwave_Oven.X.production.cmf -z \
  -Q16F877A -oC:\Users\91982\AppData\Local\Temp\xcAs7v8.\driver_tmp_3.o \
  --defsym=__MPLAB_BUILD=1 --fixupoverflow=error \
  -Mdist/default/production/Microwave_Oven.X.production.map \
  --md=C:\Users\91982\AppData\Local\Temp\xcAs7v8.\driver_tmp_0.dat -E1 \
  -ver=XC8 Compiler --acfsm=1493 -ACODE=00h-07FFhx4 -ASTRCODE=00h-01FFFh \
  -ASTRING=00h-0FFhx32 -ACONST=00h-0FFhx32 -AENTRY=00h-0FFhx32 \
  -ACOMMON=070h-07Fh -ABANK0=020h-06Fh -ABANK1=0A0h-0EFh \
  -ABANK2=0110h-016Fh -ABANK3=0190h-01EFh \
  -ARAM=020h-06Fh,0A0h-0EFh,0110h-016Fh,0190h-01EFh \
  -AABS1=020h-07Fh,0A0h-0EFh,0110h-016Fh,0190h-01EFh -ASFR0=00h-01Fh \
  -ASFR1=080h-09Fh -ASFR2=0100h-010Fh -ASFR3=0180h-018Fh \
  -ACONFIG=02007h-02007h -DCONFIG=2 -AIDLOC=02000h-02003h -DIDLOC=2 \
  -AEEDATA=00h-0FFh/02100h -peeprom_data=EEDATA -DEEDATA=2 -DCODE=2 \
  -DSTRCODE=2 -DSTRING=2 -DCONST=2 -DENTRY=2 \
  -preset_vec=00h,intentry=04h,init,end_init -ppowerup=CODE -pcinit=CODE \
  -pfunctab=ENTRY -k \
  C:\Users\91982\AppData\Local\Temp\xcAs7v8.\driver_tmp_12.o \
  dist/default/production\Microwave_Oven.X.production.o 

Object code version is 3.11

Machine type is 16F877A



                Name                               Link     Load   Length Selector   Space Scale
C:\Users\91982\AppData\Local\Temp\xcAs7v8.\driver_tmp_12.o
                end_init                              C        C        3        8       0
                reset_vec                             0        0        3        0       0
                config                             2007     2007        1        0       4
dist/default/production\Microwave_Oven.X.production.o
                cinit                                 F        F       25        8       0
                intentry                              4        4        8        8       0
                config                             2007     2007        1        0       4
                text20                              EA6      EA6       35     1D4C       0
                text19                              4BC      4BC       36        8       0
                text18                              F36      F36       63     1E6C       0
                text17                              DDD      DDD        B     1BBA       0
                text16                              DE8      DE8       10     1BD0       0
                text15                              4F2      4F2        D        8       0
                text14                              E1C      E1C       1E     1C38       0
                text13                              E7E      E7E       28     1CFC       0
                text12                              E3A      E3A       21     1C74       0
                text11                              E09      E09       13     1C12       0
                text10                              780      780       6B      BE4       0
                text9                               6C5      6C5       BB      BE4       0
                text8                               E5B      E5B       23     1CB6       0
                text7                               F99      F99       67     1F32       0
                text6                               EDB      EDB       5B     1DB6       0
                text5                               7EB      7EB       15      BE4       0
                text4                               DF8      DF8       11     1BF0       0
                text3                                34       34      1DC        8       0
                text2                               367      367      155        8       0
                text1                               5F2      5F2       D3      BE4       0
                maintext                            210      210      157        8       0
                cstackBANK0                          20       20       12       20       1
                cstackCOMMON                         70       70        B       70       1
                dataBANK0                            41       41        2       20       1
                bssBANK0                             32       32        F       20       1
                dataCOMMON                           7B       7B        1       70       1
                strings                             500      500       F2      A00       0
                idataBANK0                          DDB      DDB        2     1BB6       0
                idataCOMMON                         4FF      4FF        1        8       0

TOTAL           Name                               Link     Load   Length     Space
        CLASS   CODE           
                end_init                              C        C        3         0
                cinit                                 F        F       25         0
                intentry                              4        4        8         0
                reset_vec                             0        0        3         0
                text20                              EA6      EA6       35         0
                text19                              4BC      4BC       36         0
                text18                              F36      F36       63         0
                text17                              DDD      DDD        B         0
                text16                              DE8      DE8       10         0
                text15                              4F2      4F2        D         0
                text14                              E1C      E1C       1E         0
                text13                              E7E      E7E       28         0
                text12                              E3A      E3A       21         0
                text11                              E09      E09       13         0
                text10                              780      780       6B         0
                text9                               6C5      6C5       BB         0
                text8                               E5B      E5B       23         0
                text7                               F99      F99       67         0
                text6                               EDB      EDB       5B         0
                text5                               7EB      7EB       15         0
                text4                               DF8      DF8       11         0
                text3                                34       34      1DC         0
                text2                               367      367      155         0
                text1                               5F2      5F2       D3         0
                maintext                            210      210      157         0
                idataBANK0                          DDB      DDB        2         0
                idataCOMMON                         4FF      4FF        1         0

        CLASS   STRCODE        

        CLASS   STRING         
                strings                             500      500       F2         0

        CLASS   CONST          

        CLASS   ENTRY          

        CLASS   COMMON         
                cstackCOMMON                         70       70        B         1
                dataCOMMON                           7B       7B        1         1

        CLASS   BANK0          
                cstackBANK0                          20       20       12         1
                dataBANK0                            41       41        2         1
                bssBANK0                             32       32        F         1

        CLASS   BANK1          

        CLASS   BANK2          

        CLASS   BANK3          

        CLASS   RAM            

        CLASS   ABS1           
                abs_s1                               7E       7E        2         1

        CLASS   SFR0           

        CLASS   SFR1           

        CLASS   SFR2           

        CLASS   SFR3           

        CLASS   CONFIG         
                config                             2007     2007        1         4

        CLASS   IDLOC          

        CLASS   EEDATA         

        CLASS   STACK          



SEGMENTS        Name                           Load    Length   Top    Selector   Space  Class     Delta

                reset_vec                      000000  000003  000003         0       0  CODE        2
                intentry                       000004  0004FC  000500         8       0  CODE        2
                cstackBANK0                    000020  000023  000043        20       1  BANK0       1
                cstackCOMMON                   000070  00000C  00007C        70       1  COMMON      1
                strings                        000500  0000F2  0005F2       A00       0  STRING      2
                text1                          0005F2  00020E  000800       BE4       0  CODE        2
                idataBANK0                     000DDB  000002  000DDD      1BB6       0  CODE        2
                text17                         000DDD  00000B  000DE8      1BBA       0  CODE        2
                text16                         000DE8  000010  000DF8      1BD0       0  CODE        2
                text4                          000DF8  000011  000E09      1BF0       0  CODE        2
                text11                         000E09  000013  000E1C      1C12       0  CODE        2
                text14                         000E1C  00001E  000E3A      1C38       0  CODE        2
                text12                         000E3A  000021  000E5B      1C74       0  CODE        2
                text8                          000E5B  000023  000E7E      1CB6       0  CODE        2
                text13                         000E7E  000028  000EA6      1CFC       0  CODE        2
                text20                         000EA6  000035  000EDB      1D4C       0  CODE        2
                text6                          000EDB  00005B  000F36      1DB6       0  CODE        2
                text18                         000F36  000063  000F99      1E6C       0  CODE        2
                text7                          000F99  000067  001000      1F32       0  CODE        2


UNUSED ADDRESS RANGES

        Name                Unused          Largest block    Delta
        BANK0            0043-006F             2D           1
        BANK1            00A0-00EF             50           1
        BANK2            0110-016F             60           1
        BANK3            0190-01EF             60           1
        CODE             0003-0003              1           2
                         0800-0DDA            5DB
                         1000-1FFF            800
        COMMON           007C-007D              2           1
        CONST            0003-0003              1           2
                         0800-0DDA            100
                         1000-1FFF            100
        EEDATA           2100-21FF            100           2
        ENTRY            0003-0003              1           2
                         0800-0DDA            100
                         1000-1FFF            100
        IDLOC            2000-2003              4           2
        RAM              0043-006F             2D           1
                         00A0-00EF             50
                         0110-016F             60
                         0190-01EF             60
        SFR0             0000-001F             20           1
        SFR1             0080-009F             20           1
        SFR2             0100-010F             10           1
        SFR3             0180-018F             10           1
        STRCODE          0003-0003              1           2
                         0800-0DDA            5DB
                         1000-1FFF           1000
        STRING           0003-0003              1           2
                         0800-0DDA            100
                         1000-1FFF            100

                                  Symbol Table

?___awdiv                        cstackCOMMON 0072
?___awmod                        cstackBANK0  0020
_GIE                             (abs)        005F
_PEIE                            (abs)        005E
_PORTD                           (abs)        0008
_PR2                             (abs)        0092
_RB0                             (abs)        0030
_RB1                             (abs)        0031
_RB2                             (abs)        0032
_RC1                             (abs)        0039
_RC2                             (abs)        003A
_RD0                             (abs)        0040
_RD1                             (abs)        0041
_RD2                             (abs)        0042
_RD3                             (abs)        0043
_RE1                             (abs)        0049
_RE2                             (abs)        004A
_T2CKPS0                         (abs)        0090
_T2CKPS1                         (abs)        0091
_TMR2IE                          (abs)        0461
_TMR2IF                          (abs)        0061
_TMR2ON                          (abs)        0092
_TRISB                           (abs)        0086
_TRISC1                          (abs)        0439
_TRISC2                          (abs)        043A
_TRISD                           (abs)        0088
_TRISE1                          (abs)        0449
_TRISE2                          (abs)        044A
__H__absolute__                  __absolute__ 0000
__Habs1                          abs1         0000
__Hbank0                         bank0        0000
__Hbank1                         bank1        0000
__Hbank2                         bank2        0000
__Hbank3                         bank3        0000
__HbssBANK0                      bssBANK0     0000
__Hcinit                         cinit        0034
__Hclrtext                       clrtext      0000
__Hcode                          code         0000
__Hcommon                        common       0000
__Hconfig                        config       2008
__HcstackBANK0                   cstackBANK0  0000
__HcstackCOMMON                  cstackCOMMON 0000
__HdataBANK0                     dataBANK0    0000
__HdataCOMMON                    dataCOMMON   0000
__Heeprom_data                   eeprom_data  0000
__Hend_init                      end_init     000F
__Hfunctab                       functab      0000
__HidataBANK0                    idataBANK0   0000
__HidataCOMMON                   idataCOMMON  0000
__Hinit                          init         000C
__Hintentry                      intentry     000C
__Hmaintext                      maintext     0000
__Hpowerup                       powerup      0000
__Hram                           ram          0000
__Hreset_vec                     reset_vec    0003
__Hsfr0                          sfr0         0000
__Hsfr1                          sfr1         0000
__Hsfr2                          sfr2         0000
__Hsfr3                          sfr3         0000
__Hspace_0                       (abs)        1000
__Hspace_1                       (abs)        007C
__Hspace_2                       (abs)        0000
__Hspace_3                       (abs)        0000
__Hspace_4                       (abs)        400F
__Hstack                         stack        0000
__Hstrings                       strings      0000
__Htext                          text         0000
__L__absolute__                  __absolute__ 0000
__Labs1                          abs1         0000
__Lbank0                         bank0        0000
__Lbank1                         bank1        0000
__Lbank2                         bank2        0000
__Lbank3                         bank3        0000
__LbssBANK0                      bssBANK0     0000
__Lcinit                         cinit        000F
__Lclrtext                       clrtext      0000
__Lcode                          code         0000
__Lcommon                        common       0000
__Lconfig                        config       0000
__LcstackBANK0                   cstackBANK0  0000
__LcstackCOMMON                  cstackCOMMON 0000
__LdataBANK0                     dataBANK0    0000
__LdataCOMMON                    dataCOMMON   0000
__Leeprom_data                   eeprom_data  0000
__Lend_init                      end_init     000C
__Lfunctab                       functab      0000
__LidataBANK0                    idataBANK0   0000
__LidataCOMMON                   idataCOMMON  0000
__Linit                          init         000C
__Lintentry                      intentry     0004
__Lmaintext                      maintext     0000
__Lpowerup                       powerup      0000
__Lram                           ram          0000
__Lreset_vec                     reset_vec    0000
__Lsfr0                          sfr0         0000
__Lsfr1                          sfr1         0000
__Lsfr2                          sfr2         0000
__Lsfr3                          sfr3         0000
__Lspace_0                       (abs)        0000
__Lspace_1                       (abs)        0000
__Lspace_2                       (abs)        0000
__Lspace_3                       (abs)        0000
__Lspace_4                       (abs)        0000
__Lstack                         stack        0000
__Lstrings                       strings      0000
__Ltext                          text         0000
__S0                             (abs)        1000
__S1                             (abs)        007C
__S3                             (abs)        0000
___awdiv                         text7        0F99
___awdiv@counter                 cstackCOMMON 0076
___awdiv@dividend                cstackCOMMON 0074
___awdiv@divisor                 cstackCOMMON 0072
___awdiv@quotient                cstackCOMMON 0078
___awdiv@sign                    cstackCOMMON 0077
___awmod                         text6        0EDB
___awmod@counter                 cstackBANK0  0024
___awmod@dividend                cstackBANK0  0022
___awmod@divisor                 cstackBANK0  0020
___awmod@sign                    cstackBANK0  0025
___bmul                          text5        07EB
___bmul@multiplicand             cstackCOMMON 0072
___bmul@multiplier               cstackCOMMON 0074
___bmul@product                  cstackCOMMON 0073
___int_sp                        stack        0000
___latbits                       (abs)        0002
___sp                            stack        0000
___stackhi                       (abs)        0000
___stacklo                       (abs)        0000
__end_of___awdiv                 text7        1000
__end_of___awmod                 text6        0F36
__end_of___bmul                  text5        0800
__end_of__initialization         cinit        0030
__end_of__stringtab              strings      0506
__end_of_clcd_print              text13       0EA6
__end_of_clcd_putch              text11       0E1C
__end_of_clcd_write              text19       04F2
__end_of_clear_screen            text4        0E09
__end_of_init_clcd               text17       0DE8
__end_of_init_config             text14       0E3A
__end_of_init_display_controller text18       0F99
__end_of_init_matrix_keypad      text16       0DF8
__end_of_init_timer2             text15       04FF
__end_of_isr                     text20       0EDB
__end_of_main                    maintext     0367
__end_of_menu_display_screen     text12       0E5B
__end_of_power_on_screen         text10       07EB
__end_of_read_matrix_keypad      text8        0E7E
__end_of_scan_keypad             text9        0780
__end_of_set_temp                text3        0210
__end_of_set_time                text2        04BC
__end_of_time_display_screen     text1        06C5
__initialization                 cinit        000F
__pbssBANK0                      bssBANK0     0032
__pcstackBANK0                   cstackBANK0  0020
__pcstackCOMMON                  cstackCOMMON 0070
__pdataBANK0                     dataBANK0    0041
__pdataCOMMON                    dataCOMMON   007B
__pidataBANK0                    idataBANK0   0DDB
__pidataCOMMON                   idataCOMMON  04FF
__pintentry                      intentry     0004
__pmaintext                      maintext     0210
__pstrings                       strings      0500
__ptext1                         text1        05F2
__ptext10                        text10       0780
__ptext11                        text11       0E09
__ptext12                        text12       0E3A
__ptext13                        text13       0E7E
__ptext14                        text14       0E1C
__ptext15                        text15       04F2
__ptext16                        text16       0DE8
__ptext17                        text17       0DDD
__ptext18                        text18       0F36
__ptext19                        text19       04BC
__ptext2                         text2        0367
__ptext20                        text20       0EA6
__ptext3                         text3        0034
__ptext4                         text4        0DF8
__ptext5                         text5        07EB
__ptext6                         text6        0EDB
__ptext7                         text7        0F99
__ptext8                         text8        0E5B
__ptext9                         text9        06C5
__stringbase                     strings      0505
__stringtab                      strings      0500
_clcd_print                      text13       0E7E
_clcd_putch                      text11       0E09
_clcd_write                      text19       04BC
_clear_screen                    text4        0DF8
_flag                            bssBANK0     003E
_init_clcd                       text17       0DDD
_init_config                     text14       0E1C
_init_display_controller         text18       0F36
_init_matrix_keypad              text16       0DE8
_init_timer2                     text15       04F2
_isr                             text20       0EA6
_main                            maintext     0210
_menu_display_screen             text12       0E3A
_min                             bssBANK0     003F
_nRBPU                           (abs)        040F
_operation_flag                  dataBANK0    0041
_power_on_screen                 text10       0780
_read_matrix_keypad              text8        0E5B
_scan_keypad                     text9        06C5
_sec                             bssBANK0     0040
_set_temp                        text3        0034
_set_time                        text2        0367
_time_display_screen             text1        05F2
btemp                            (abs)        007E
clcd_print@addr                  cstackCOMMON 0076
clcd_print@str                   cstackCOMMON 0077
clcd_putch@addr                  cstackBANK0  0026
clcd_putch@data                  cstackCOMMON 007A
clcd_write@byte                  cstackCOMMON 0075
clcd_write@mode                  cstackCOMMON 0072
end_of_initialization            cinit        0030
interrupt_function               intentry     0004
intlevel0                        functab      0000
intlevel1                        functab      0000
intlevel2                        functab      0000
intlevel3                        functab      0000
intlevel4                        functab      0000
intlevel5                        functab      0000
isr@count                        bssBANK0     0032
main@key                         cstackBANK0  0031
main@reset_flag                  cstackBANK0  002F
power_on_screen@i                cstackBANK0  002A
read_matrix_keypad@key           cstackCOMMON 0075
read_matrix_keypad@mode          cstackCOMMON 0074
read_matrix_keypad@once          dataCOMMON   007B
reset_vec                        reset_vec    0000
saved_w                          (abs)        007E
scan_keypad@i                    cstackCOMMON 0072
set_temp@blink                   bssBANK0     003C
set_temp@key                     cstackBANK0  002B
set_temp@key_count               bssBANK0     003D
set_temp@reset_flag              cstackBANK0  0027
set_temp@temp                    bssBANK0     003B
set_temp@wait                    bssBANK0     0036
set_time@blink                   bssBANK0     0038
set_time@blink_pos               bssBANK0     0039
set_time@key                     cstackBANK0  002B
set_time@key_count               bssBANK0     003A
set_time@reset_flag              cstackBANK0  0027
set_time@wait                    bssBANK0     0034
start                            init         000C
start_initialization             cinit        000F
wtemp0                           (abs)        007E


MODULE INFORMATION

Module		Function		Class		Link	Load	Size
timers.c
		_init_timer2   		CODE           	04F2	0000	13

timers.c estimated size: 13

matrix_keypad.c
		_init_matrix_keypad		CODE           	0DE8	0000	16
		_read_matrix_keypad		CODE           	0E5B	0000	35
		_scan_keypad   		CODE           	06C5	0000	187

matrix_keypad.c estimated size: 238

C:\Program Files\Microchip\xc8\v2.41\pic\sources\c90\common\awdiv.c
		___awdiv       		CODE           	0F99	0000	103

C:\Program Files\Microchip\xc8\v2.41\pic\sources\c90\common\awdiv.c estimated size: 103

C:\Program Files\Microchip\xc8\v2.41\pic\sources\c90\common\Umul8.c
		___bmul        		CODE           	07EB	0000	21

C:\Program Files\Microchip\xc8\v2.41\pic\sources\c90\common\Umul8.c estimated size: 21

isr.c
		_isr           		CODE           	0EA6	0000	53

isr.c estimated size: 53

shared
		__stringtab    		STRING         	0500	0000	6
		__initialization		CODE           	000F	0000	33

shared estimated size: 39

clcd.c
		_clcd_write    		CODE           	04BC	0000	54
		_clcd_print    		CODE           	0E7E	0000	40
		_clcd_putch    		CODE           	0E09	0000	19
		_init_display_controller		CODE           	0F36	0000	99
		_init_clcd     		CODE           	0DDD	0000	11

clcd.c estimated size: 223

C:\Program Files\Microchip\xc8\v2.41\pic\sources\c90\common\awmod.c
		___awmod       		CODE           	0EDB	0000	91

C:\Program Files\Microchip\xc8\v2.41\pic\sources\c90\common\awmod.c estimated size: 91

main.c
		_time_display_screen		CODE           	05F2	0000	211
		_main          		CODE           	0210	0000	343
		_set_temp      		CODE           	0034	0000	476
		_menu_display_screen		CODE           	0E3A	0000	33
		_clear_screen  		CODE           	0DF8	0000	17
		_power_on_screen		CODE           	0780	0000	107
		_set_time      		CODE           	0367	0000	341
		_init_config   		CODE           	0E1C	0000	30

main.c estimated size: 1558

